
> @getpaseo/desktop@0.9.0 test:e2e:lifecycle
> npm run build:main && node ./e2e/daemon-lifecycle.e2e.mjs


> @getpaseo/desktop@0.9.0 build:main
> tsc -p tsconfig.json

Desktop command: start_desktop_daemon
Desktop command: stop_desktop_daemon (quit)
Desktop command: stop_desktop_daemon (settings)
Desktop command: stop_desktop_daemon (app_update)
Desktop command: stop_desktop_daemon (host_remove)
Desktop command: stop_desktop_daemon (version_mismatch)
Desktop command: restart_desktop_daemon
Desktop command: stop_desktop_daemon (manual_ipc)
Desktop command: stop_desktop_daemon (manual_ipc)
Desktop command: start_desktop_daemon
Idle update: busy agent in a second project preserved; idle daemon stopped through Electron.
Desktop command: start_desktop_daemon
Desktop command: patch_desktop_settings
Desktop command: start_desktop_daemon
Desktop command: stop_desktop_daemon (quit)
Desktop command: stop_desktop_daemon (manual_ipc)
Desktop command: start_desktop_daemon
Desktop command: stop_desktop_daemon (quit)
Desktop command: start_desktop_daemon
Desktop command: stop_desktop_daemon (quit)
PASS: Desktop readiness deadline returns starting and preserves its owned slow launch.
PASS: attached legacy daemon survives automatic actions; explicit captured stop, owned launch, managed settings, worker restart, and next-session attachment.
Lifecycle artifacts: /var/folders/zg/pjmgj8t95h528b8xj6svjdg00000gn/T/paseo-desktop-lifecycle-artifacts-PIprQf
